<main class="main tile"><h1>Team collaboration done right</h1><p>Thousands of teams from all over the world turn to <b>Ink</b> to communicate and get things done.</p></main>